[2026-08-11 17:26:22] 启动所有保活脚本（V2增强版）...
[2026-08-11 17:26:22] network_keepalive.sh 已在运行
[2026-08-11 17:26:22] cpu_keepalive.sh 已在运行
[2026-08-11 17:26:22] io_keepalive.sh 已在运行
[2026-08-11 17:26:22] dns_keepalive.sh 已在运行
[2026-08-11 17:26:22] process_keepalive.sh 已在运行
[2026-08-11 17:26:22] api_keepalive.sh 已在运行
[2026-08-11 17:26:22] timer_keepalive.sh 已在运行
[2026-08-11 17:26:22] 启动 memory_keepalive.sh
[2026-08-11 17:26:23] 启动 disk_keepalive.sh
[2026-08-11 17:26:23] 启动 syscall_keepalive.sh
[2026-08-11 17:26:24] 启动 log_keepalive.sh
[2026-08-11 17:26:24] port_keepalive.sh 已在运行
[2026-08-11 17:26:24] 启动 signal_keepalive.sh
[2026-08-11 17:26:25] thread_keepalive.sh 已在运行
[2026-08-11 17:26:25] 启动 fd_keepalive.sh
[2026-08-11 17:26:25] env_keepalive.sh 已在运行
[2026-08-11 17:26:25] 启动 protocol_keepalive.sh
[2026-08-11 17:26:26] service_keepalive.sh 已在运行
[2026-08-11 17:26:26] 启动 db_keepalive.sh
[2026-08-11 17:26:26] cron_keepalive.sh 已在运行
[2026-08-11 17:26:26] 启动完成：成功=8, 失败=0
[2026-08-11 17:26:29] === 健康报告（V2增强版）===
[2026-08-11 17:26:29] 时间：2026-08-11 17:26:29
[2026-08-11 17:26:29] 保活脚本数量：20
[2026-08-11 17:26:30] 运行中：20/20
[2026-08-11 17:26:30] 已停止：0/20
[2026-08-11 17:26:30] 活跃度：100%
[2026-08-11 17:26:30] === 报告结束 ===
[2026-08-11 17:26:32] === 检查保活脚本状态（V2）===
[2026-08-11 17:26:32] network_keepalive.sh: 运行中
[2026-08-11 17:26:32] cpu_keepalive.sh: 运行中
[2026-08-11 17:26:32] io_keepalive.sh: 运行中
[2026-08-11 17:26:32] dns_keepalive.sh: 运行中
[2026-08-11 17:26:32] process_keepalive.sh: 运行中
[2026-08-11 17:26:32] api_keepalive.sh: 运行中
[2026-08-11 17:26:32] timer_keepalive.sh: 运行中
[2026-08-11 17:26:32] memory_keepalive.sh: 运行中
[2026-08-11 17:26:32] disk_keepalive.sh: 运行中
[2026-08-11 17:26:32] syscall_keepalive.sh: 运行中
[2026-08-11 17:26:32] log_keepalive.sh: 运行中
[2026-08-11 17:26:32] port_keepalive.sh: 运行中
[2026-08-11 17:26:32] signal_keepalive.sh: 运行中
[2026-08-11 17:26:32] thread_keepalive.sh: 运行中
[2026-08-11 17:26:32] fd_keepalive.sh: 运行中
[2026-08-11 17:26:32] env_keepalive.sh: 运行中
[2026-08-11 17:26:32] protocol_keepalive.sh: 运行中
[2026-08-11 17:26:32] service_keepalive.sh: 运行中
[2026-08-11 17:26:32] db_keepalive.sh: 运行中
[2026-08-11 17:26:32] cron_keepalive.sh: 运行中
[2026-08-11 17:26:32] 运行中：20, 已停止：0, 总计：20
[2026-08-11 17:26:32] === 检查完成 ===
[2026-08-11 17:26:38] === 检查保活脚本状态（V2）===
[2026-08-11 17:26:38] network_keepalive.sh: 运行中
[2026-08-11 17:26:38] cpu_keepalive.sh: 运行中
[2026-08-11 17:26:38] io_keepalive.sh: 运行中
[2026-08-11 17:26:38] dns_keepalive.sh: 运行中
[2026-08-11 17:26:38] process_keepalive.sh: 运行中
[2026-08-11 17:26:38] api_keepalive.sh: 运行中
[2026-08-11 17:26:38] timer_keepalive.sh: 运行中
[2026-08-11 17:26:38] memory_keepalive.sh: 运行中
[2026-08-11 17:26:38] disk_keepalive.sh: 运行中
[2026-08-11 17:26:38] syscall_keepalive.sh: 运行中
[2026-08-11 17:26:38] log_keepalive.sh: 运行中
[2026-08-11 17:26:38] port_keepalive.sh: 运行中
[2026-08-11 17:26:38] signal_keepalive.sh: 运行中
[2026-08-11 17:26:38] thread_keepalive.sh: 运行中
[2026-08-11 17:26:38] fd_keepalive.sh: 运行中
[2026-08-11 17:26:38] env_keepalive.sh: 运行中
[2026-08-11 17:26:38] protocol_keepalive.sh: 运行中
[2026-08-11 17:26:38] service_keepalive.sh: 运行中
[2026-08-11 17:26:38] db_keepalive.sh: 运行中
[2026-08-11 17:26:38] cron_keepalive.sh: 运行中
[2026-08-11 17:26:38] 运行中：20, 已停止：0, 总计：20
[2026-08-11 17:26:38] === 检查完成 ===
[2026-08-11 17:26:45] === 检查保活脚本状态（V2）===
[2026-08-11 17:26:45] network_keepalive.sh: 运行中
[2026-08-11 17:26:45] cpu_keepalive.sh: 运行中
[2026-08-11 17:26:45] io_keepalive.sh: 运行中
[2026-08-11 17:26:45] dns_keepalive.sh: 运行中
[2026-08-11 17:26:45] process_keepalive.sh: 运行中
[2026-08-11 17:26:45] api_keepalive.sh: 运行中
[2026-08-11 17:26:45] timer_keepalive.sh: 运行中
[2026-08-11 17:26:45] memory_keepalive.sh: 运行中
[2026-08-11 17:26:45] disk_keepalive.sh: 运行中
[2026-08-11 17:26:45] syscall_keepalive.sh: 运行中
[2026-08-11 17:26:45] log_keepalive.sh: 运行中
[2026-08-11 17:26:45] port_keepalive.sh: 运行中
[2026-08-11 17:26:45] signal_keepalive.sh: 运行中
[2026-08-11 17:26:45] thread_keepalive.sh: 运行中
[2026-08-11 17:26:45] fd_keepalive.sh: 运行中
[2026-08-11 17:26:45] env_keepalive.sh: 运行中
[2026-08-11 17:26:45] protocol_keepalive.sh: 运行中
[2026-08-11 17:26:45] service_keepalive.sh: 运行中
[2026-08-11 17:26:45] db_keepalive.sh: 运行中
[2026-08-11 17:26:45] cron_keepalive.sh: 运行中
[2026-08-11 17:26:45] 运行中：20, 已停止：0, 总计：20
[2026-08-11 17:26:45] === 检查完成 ===
[2026-08-11 17:26:51] === 检查保活脚本状态（V2）===
[2026-08-11 17:26:51] network_keepalive.sh: 运行中
[2026-08-11 17:26:51] cpu_keepalive.sh: 运行中
[2026-08-11 17:26:51] io_keepalive.sh: 运行中
[2026-08-11 17:26:51] dns_keepalive.sh: 运行中
[2026-08-11 17:26:51] process_keepalive.sh: 运行中
[2026-08-11 17:26:51] api_keepalive.sh: 运行中
[2026-08-11 17:26:51] timer_keepalive.sh: 运行中
[2026-08-11 17:26:51] memory_keepalive.sh: 运行中
[2026-08-11 17:26:51] disk_keepalive.sh: 运行中
[2026-08-11 17:26:51] syscall_keepalive.sh: 运行中
[2026-08-11 17:26:51] log_keepalive.sh: 运行中
[2026-08-11 17:26:51] port_keepalive.sh: 运行中
[2026-08-11 17:26:51] signal_keepalive.sh: 运行中
[2026-08-11 17:26:51] thread_keepalive.sh: 运行中
[2026-08-11 17:26:51] fd_keepalive.sh: 运行中
[2026-08-11 17:26:51] env_keepalive.sh: 运行中
[2026-08-11 17:26:51] protocol_keepalive.sh: 运行中
[2026-08-11 17:26:51] service_keepalive.sh: 运行中
[2026-08-11 17:26:51] db_keepalive.sh: 运行中
[2026-08-11 17:26:51] cron_keepalive.sh: 运行中
[2026-08-11 17:26:51] 运行中：20, 已停止：0, 总计：20
[2026-08-11 17:26:51] === 检查完成 ===
[2026-08-11 17:26:57] === 检查保活脚本状态（V2）===
[2026-08-11 17:26:57] network_keepalive.sh: 运行中
[2026-08-11 17:26:57] cpu_keepalive.sh: 运行中
[2026-08-11 17:26:57] io_keepalive.sh: 运行中
[2026-08-11 17:26:57] dns_keepalive.sh: 运行中
[2026-08-11 17:26:57] process_keepalive.sh: 运行中
[2026-08-11 17:26:57] api_keepalive.sh: 运行中
[2026-08-11 17:26:57] timer_keepalive.sh: 运行中
[2026-08-11 17:26:57] memory_keepalive.sh: 运行中
[2026-08-11 17:26:57] disk_keepalive.sh: 运行中
[2026-08-11 17:26:57] syscall_keepalive.sh: 运行中
[2026-08-11 17:26:57] log_keepalive.sh: 运行中
[2026-08-11 17:26:57] port_keepalive.sh: 运行中
[2026-08-11 17:26:57] signal_keepalive.sh: 运行中
[2026-08-11 17:26:57] thread_keepalive.sh: 运行中
[2026-08-11 17:26:57] fd_keepalive.sh: 运行中
[2026-08-11 17:26:57] env_keepalive.sh: 运行中
[2026-08-11 17:26:57] protocol_keepalive.sh: 运行中
[2026-08-11 17:26:57] service_keepalive.sh: 运行中
[2026-08-11 17:26:57] db_keepalive.sh: 运行中
[2026-08-11 17:26:57] cron_keepalive.sh: 运行中
[2026-08-11 17:26:57] 运行中：20, 已停止：0, 总计：20
[2026-08-11 17:26:57] === 检查完成 ===
