[2026-08-11 17:21:34] 启动所有保活脚本...
[2026-08-11 17:21:34] 启动 network_keepalive.sh
[2026-08-11 17:21:35] cpu_keepalive.sh 已在运行
[2026-08-11 17:21:35] 启动 io_keepalive.sh
[2026-08-11 17:21:36] dns_keepalive.sh 已在运行
[2026-08-11 17:21:36] 启动 process_keepalive.sh
[2026-08-11 17:21:37] api_keepalive.sh 已在运行
[2026-08-11 17:21:37] 启动 timer_keepalive.sh
[2026-08-11 17:21:38] 所有保活脚本启动完成
[2026-08-11 17:21:40] === 检查保活脚本状态 ===
[2026-08-11 17:21:40] network_keepalive.sh: 运行中
[2026-08-11 17:21:40] cpu_keepalive.sh: 运行中
[2026-08-11 17:21:40] io_keepalive.sh: 运行中
[2026-08-11 17:21:40] dns_keepalive.sh: 运行中
[2026-08-11 17:21:40] process_keepalive.sh: 运行中
[2026-08-11 17:21:40] api_keepalive.sh: 运行中
[2026-08-11 17:21:40] timer_keepalive.sh: 运行中
[2026-08-11 17:21:40] 运行中：7, 已停止：0
[2026-08-11 17:21:40] === 检查完成 ===
[2026-08-11 17:21:48] === 检查保活脚本状态 ===
[2026-08-11 17:21:48] network_keepalive.sh: 运行中
[2026-08-11 17:21:48] cpu_keepalive.sh: 运行中
[2026-08-11 17:21:48] io_keepalive.sh: 运行中
[2026-08-11 17:21:48] dns_keepalive.sh: 运行中
[2026-08-11 17:21:48] process_keepalive.sh: 运行中
[2026-08-11 17:21:48] api_keepalive.sh: 运行中
[2026-08-11 17:21:48] timer_keepalive.sh: 运行中
[2026-08-11 17:21:48] 运行中：7, 已停止：0
[2026-08-11 17:21:48] === 检查完成 ===
[2026-08-11 17:21:59] === 检查保活脚本状态 ===
[2026-08-11 17:21:59] network_keepalive.sh: 运行中
[2026-08-11 17:21:59] cpu_keepalive.sh: 运行中
[2026-08-11 17:21:59] io_keepalive.sh: 运行中
[2026-08-11 17:21:59] dns_keepalive.sh: 运行中
[2026-08-11 17:21:59] process_keepalive.sh: 运行中
[2026-08-11 17:21:59] api_keepalive.sh: 运行中
[2026-08-11 17:21:59] timer_keepalive.sh: 运行中
[2026-08-11 17:21:59] 运行中：7, 已停止：0
[2026-08-11 17:21:59] === 检查完成 ===
