2026-08-08 15:58:37,938 - [Keeper] - INFO - Keeper v3.1 启动
2026-08-08 15:58:37,938 - [Keeper] - INFO - 启动 Bot...
2026-08-08 15:58:37,942 - [Keeper] - INFO - Bot 已启动 PID=3148
2026-08-08 15:58:37,942 - [Keeper] - INFO - 启动 ExternalKeeper...
2026-08-08 15:58:37,943 - [Keeper] - INFO - ExternalKeeper 已启动 PID=3149
2026-08-08 15:58:37,943 - [Keeper] - INFO - 启动 SystemKeeper...
2026-08-08 15:58:37,974 - [Keeper] - INFO - SystemKeeper 已启动 PID=3150
2026-08-08 15:58:37,975 - [Keeper] - INFO - ExternalKeeper (PID=3149) 已停止，重启...
2026-08-08 15:58:37,975 - [Keeper] - INFO - 启动 ExternalKeeper...
2026-08-08 15:58:37,982 - [Keeper] - INFO - ExternalKeeper 已启动 PID=3152
2026-08-08 15:58:37,986 - [Keeper] - INFO - 所有守护已启动
2026-08-08 15:58:38,006 - [Keeper] - WARNING - 面板访问失败: <urlopen error [Errno 111] Connection refused>
2026-08-08 15:58:43,007 - [Keeper] - WARNING - 面板访问失败: <urlopen error [Errno 111] Connection refused>
2026-08-08 15:58:48,008 - [Keeper] - WARNING - 面板访问失败: <urlopen error [Errno 111] Connection refused>
2026-08-08 15:58:53,012 - [Keeper] - WARNING - 面板访问失败: <urlopen error [Errno 111] Connection refused>
2026-08-08 15:58:57,983 - [Keeper] - INFO - ExternalKeeper (PID=3152) 已停止，重启...
2026-08-08 15:58:57,983 - [Keeper] - INFO - 启动 ExternalKeeper...
2026-08-08 15:58:57,985 - [Keeper] - INFO - ExternalKeeper 已启动 PID=3225
2026-08-08 15:58:57,985 - [Keeper] - INFO - SystemKeeper (PID=3150) 已停止，重启...
2026-08-08 15:58:57,986 - [Keeper] - INFO - 启动 SystemKeeper...
2026-08-08 15:58:57,990 - [Keeper] - INFO - SystemKeeper 已启动 PID=3226
2026-08-08 15:58:57,990 - [Keeper] - WARNING - bot 进程不存在
2026-08-08 15:58:58,013 - [Keeper] - WARNING - 面板访问失败: <urlopen error [Errno 111] Connection refused>
2026-08-08 15:59:02,992 - [Keeper] - INFO - Bot (PID=3148) 已停止，重启...
2026-08-08 15:59:02,992 - [Keeper] - INFO - 启动 Bot...
2026-08-08 15:59:02,995 - [Keeper] - INFO - Bot 已启动 PID=3246
2026-08-08 15:59:03,017 - [Keeper] - WARNING - 面板访问失败: <urlopen error [Errno 111] Connection refused>
2026-08-08 15:59:08,019 - [Keeper] - WARNING - 面板访问失败: <urlopen error [Errno 111] Connection refused>
2026-08-08 15:59:13,020 - [Keeper] - WARNING - 面板访问失败: <urlopen error [Errno 111] Connection refused>
2026-08-08 15:59:18,023 - [Keeper] - WARNING - 面板访问失败: <urlopen error [Errno 111] Connection refused>
2026-08-08 15:59:22,997 - [Keeper] - INFO - ExternalKeeper (PID=3225) 已停止，重启...
2026-08-08 15:59:22,997 - [Keeper] - INFO - 启动 ExternalKeeper...
2026-08-08 15:59:22,998 - [Keeper] - INFO - ExternalKeeper 已启动 PID=3314
2026-08-08 15:59:22,999 - [Keeper] - INFO - SystemKeeper (PID=3226) 已停止，重启...
2026-08-08 15:59:22,999 - [Keeper] - INFO - 启动 SystemKeeper...
2026-08-08 15:59:23,000 - [Keeper] - INFO - SystemKeeper 已启动 PID=3315
2026-08-08 15:59:23,001 - [Keeper] - WARNING - bot 进程不存在
2026-08-08 15:59:23,024 - [Keeper] - WARNING - 面板访问失败: <urlopen error [Errno 111] Connection refused>
2026-08-08 15:59:28,003 - [Keeper] - INFO - Bot (PID=3246) 已停止，重启...
2026-08-08 15:59:28,004 - [Keeper] - INFO - 启动 Bot...
2026-08-08 15:59:28,010 - [Keeper] - INFO - Bot 已启动 PID=3320
2026-08-08 15:59:28,026 - [Keeper] - WARNING - 面板访问失败: <urlopen error [Errno 111] Connection refused>
2026-08-08 15:59:33,026 - [Keeper] - WARNING - 面板访问失败: <urlopen error [Errno 111] Connection refused>
2026-08-08 15:59:38,403 - [Keeper] - WARNING - 面板访问失败: <urlopen error [Errno 111] Connection refused>
2026-08-08 15:59:43,404 - [Keeper] - WARNING - 面板访问失败: <urlopen error [Errno 111] Connection refused>
2026-08-08 15:59:48,014 - [Keeper] - INFO - ExternalKeeper (PID=3314) 已停止，重启...
2026-08-08 15:59:48,015 - [Keeper] - INFO - 启动 ExternalKeeper...
2026-08-08 15:59:48,022 - [Keeper] - INFO - ExternalKeeper 已启动 PID=3373
2026-08-08 15:59:48,023 - [Keeper] - INFO - SystemKeeper (PID=3315) 已停止，重启...
2026-08-08 15:59:48,023 - [Keeper] - INFO - 启动 SystemKeeper...
2026-08-08 15:59:48,030 - [Keeper] - INFO - SystemKeeper 已启动 PID=3374
2026-08-08 15:59:48,034 - [Keeper] - WARNING - bot 进程不存在
2026-08-08 15:59:48,702 - [Keeper] - WARNING - 面板访问失败: <urlopen error [Errno 111] Connection refused>
2026-08-08 15:59:53,036 - [Keeper] - INFO - Bot (PID=3320) 已停止，重启...
2026-08-08 15:59:53,037 - [Keeper] - INFO - 启动 Bot...
2026-08-08 15:59:53,041 - [Keeper] - INFO - Bot 已启动 PID=3401
2026-08-08 15:59:53,703 - [Keeper] - WARNING - 面板访问失败: <urlopen error [Errno 111] Connection refused>
2026-08-08 15:59:58,704 - [Keeper] - WARNING - 面板访问失败: <urlopen error [Errno 111] Connection refused>
2026-08-08 16:00:03,707 - [Keeper] - WARNING - 面板访问失败: <urlopen error [Errno 111] Connection refused>
2026-08-08 16:00:08,711 - [Keeper] - WARNING - 面板访问失败: <urlopen error [Errno 111] Connection refused>
2026-08-08 16:00:13,042 - [Keeper] - INFO - ExternalKeeper (PID=3373) 已停止，重启...
2026-08-08 16:00:13,042 - [Keeper] - INFO - 启动 ExternalKeeper...
2026-08-08 16:00:13,045 - [Keeper] - INFO - ExternalKeeper 已启动 PID=3454
2026-08-08 16:00:13,047 - [Keeper] - INFO - SystemKeeper (PID=3374) 已停止，重启...
2026-08-08 16:00:13,047 - [Keeper] - INFO - 启动 SystemKeeper...
2026-08-08 16:00:13,050 - [Keeper] - INFO - SystemKeeper 已启动 PID=3455
2026-08-08 16:00:13,799 - [Keeper] - WARNING - 面板访问失败: <urlopen error [Errno 111] Connection refused>
2026-08-08 16:00:18,902 - [Keeper] - WARNING - 面板访问失败: <urlopen error [Errno 111] Connection refused>
2026-08-08 16:00:23,903 - [Keeper] - WARNING - 面板访问失败: <urlopen error [Errno 111] Connection refused>
2026-08-08 16:00:29,218 - [Keeper] - WARNING - 面板访问失败: <urlopen error [Errno 111] Connection refused>
2026-08-08 16:00:33,224 - [Keeper] - INFO - ExternalKeeper (PID=3454) 已停止，重启...
2026-08-08 16:00:33,235 - [Keeper] - INFO - 启动 ExternalKeeper...
2026-08-08 16:00:33,339 - [Keeper] - INFO - ExternalKeeper 已启动 PID=3478
2026-08-08 16:00:33,444 - [Keeper] - INFO - SystemKeeper (PID=3455) 已停止，重启...
2026-08-08 16:00:33,445 - [Keeper] - INFO - 启动 SystemKeeper...
2026-08-08 16:00:33,446 - [Keeper] - INFO - SystemKeeper 已启动 PID=3479
2026-08-08 16:00:34,436 - [Keeper] - WARNING - 面板访问失败: <urlopen error [Errno 111] Connection refused>
2026-08-08 16:00:39,438 - [Keeper] - WARNING - 面板访问失败: <urlopen error [Errno 111] Connection refused>
2026-08-08 16:00:44,461 - [Keeper] - INFO - 面板访问成功 200
2026-08-08 16:00:49,465 - [Keeper] - INFO - 面板访问成功 200
2026-08-08 16:00:53,451 - [Keeper] - INFO - ExternalKeeper (PID=3478) 已停止，重启...
2026-08-08 16:00:53,451 - [Keeper] - INFO - 启动 ExternalKeeper...
2026-08-08 16:00:53,452 - [Keeper] - INFO - ExternalKeeper 已启动 PID=3536
2026-08-08 16:00:53,452 - [Keeper] - INFO - SystemKeeper (PID=3479) 已停止，重启...
2026-08-08 16:00:53,452 - [Keeper] - INFO - 启动 SystemKeeper...
2026-08-08 16:00:53,457 - [Keeper] - INFO - SystemKeeper 已启动 PID=3537
2026-08-08 16:00:54,471 - [Keeper] - INFO - 面板访问成功 200
2026-08-08 16:00:59,485 - [Keeper] - INFO - 面板访问成功 200
2026-08-08 16:01:04,488 - [Keeper] - INFO - 面板访问成功 200
2026-08-08 16:01:09,494 - [Keeper] - INFO - 面板访问成功 200
2026-08-08 16:01:13,458 - [Keeper] - INFO - ExternalKeeper (PID=3536) 已停止，重启...
2026-08-08 16:01:13,458 - [Keeper] - INFO - 启动 ExternalKeeper...
2026-08-08 16:01:13,462 - [Keeper] - INFO - ExternalKeeper 已启动 PID=3570
2026-08-08 16:01:13,463 - [Keeper] - INFO - SystemKeeper (PID=3537) 已停止，重启...
2026-08-08 16:01:13,463 - [Keeper] - INFO - 启动 SystemKeeper...
2026-08-08 16:01:13,464 - [Keeper] - INFO - SystemKeeper 已启动 PID=3571
2026-08-08 16:01:14,500 - [Keeper] - INFO - 面板访问成功 200
2026-08-08 16:01:19,508 - [Keeper] - INFO - 面板访问成功 200
2026-08-08 16:01:24,516 - [Keeper] - INFO - 面板访问成功 200
2026-08-08 16:01:29,526 - [Keeper] - INFO - 面板访问成功 200
2026-08-08 16:01:34,533 - [Keeper] - INFO - 面板访问成功 200
2026-08-08 16:01:39,537 - [Keeper] - INFO - 面板访问成功 200
2026-08-08 16:01:44,542 - [Keeper] - INFO - 面板访问成功 200
2026-08-08 16:01:49,550 - [Keeper] - INFO - 面板访问成功 200
2026-08-08 16:01:53,470 - [Keeper] - INFO - ExternalKeeper (PID=3671) 已停止，重启...
2026-08-08 16:01:53,470 - [Keeper] - INFO - 启动 ExternalKeeper...
2026-08-08 16:01:53,475 - [Keeper] - INFO - ExternalKeeper 已启动 PID=3711
2026-08-08 16:01:53,475 - [Keeper] - INFO - SystemKeeper (PID=3685) 已停止，重启...
2026-08-08 16:01:53,475 - [Keeper] - INFO - 启动 SystemKeeper...
2026-08-08 16:01:53,478 - [Keeper] - INFO - SystemKeeper 已启动 PID=3712
2026-08-08 16:01:54,554 - [Keeper] - INFO - 面板访问成功 200
2026-08-08 16:02:20,571 - [Keeper] - INFO - Keeper v3.1 启动
2026-08-08 16:02:20,572 - [Keeper] - INFO - Bot (PID=3401) 已停止，重启...
2026-08-08 16:02:20,572 - [Keeper] - INFO - 启动 Bot...
2026-08-08 16:02:20,574 - [Keeper] - INFO - Bot 已启动 PID=3772
2026-08-08 16:02:20,574 - [Keeper] - INFO - ExternalKeeper (PID=3711) 已停止，重启...
2026-08-08 16:02:20,574 - [Keeper] - INFO - 启动 ExternalKeeper...
2026-08-08 16:02:20,587 - [Keeper] - INFO - ExternalKeeper 已启动 PID=3773
2026-08-08 16:02:20,589 - [Keeper] - INFO - SystemKeeper (PID=3712) 已停止，重启...
2026-08-08 16:02:20,590 - [Keeper] - INFO - 启动 SystemKeeper...
2026-08-08 16:02:20,602 - [Keeper] - INFO - SystemKeeper 已启动 PID=3774
2026-08-08 16:02:20,641 - [Keeper] - WARNING - 面板访问失败: <urlopen error [Errno 111] Connection refused>
2026-08-08 16:02:20,654 - [Keeper] - INFO - 所有守护已启动
2026-08-08 16:02:25,651 - [Keeper] - WARNING - 面板访问失败: <urlopen error [Errno 111] Connection refused>
2026-08-08 16:02:30,654 - [Keeper] - WARNING - 面板访问失败: <urlopen error [Errno 111] Connection refused>
2026-08-08 16:02:35,668 - [Keeper] - INFO - 面板访问成功 200
2026-08-08 16:02:40,674 - [Keeper] - INFO - 面板访问成功 200
2026-08-08 16:02:45,679 - [Keeper] - INFO - 面板访问成功 200
2026-08-08 16:02:50,691 - [Keeper] - INFO - 面板访问成功 200
2026-08-08 16:02:55,702 - [Keeper] - INFO - 面板访问成功 200
2026-08-08 16:03:00,718 - [Keeper] - INFO - 面板访问成功 200
2026-08-08 16:03:05,735 - [Keeper] - INFO - 面板访问成功 200
2026-08-08 16:03:10,748 - [Keeper] - INFO - 面板访问成功 200
2026-08-08 16:03:15,757 - [Keeper] - INFO - 面板访问成功 200
2026-08-08 16:03:20,765 - [Keeper] - INFO - 面板访问成功 200
2026-08-08 16:03:25,769 - [Keeper] - INFO - 面板访问成功 200
2026-08-08 16:03:30,779 - [Keeper] - INFO - 面板访问成功 200
2026-08-08 16:03:35,781 - [Keeper] - INFO - 面板访问成功 200
2026-08-08 16:03:40,787 - [Keeper] - INFO - 面板访问成功 200
2026-08-08 16:03:45,790 - [Keeper] - INFO - 面板访问成功 200
2026-08-08 16:03:50,795 - [Keeper] - INFO - 面板访问成功 200
2026-08-08 16:03:55,801 - [Keeper] - INFO - 面板访问成功 200
2026-08-08 16:04:00,805 - [Keeper] - INFO - 面板访问成功 200
2026-08-08 16:04:05,817 - [Keeper] - INFO - 面板访问成功 200
2026-08-08 16:04:10,826 - [Keeper] - INFO - 面板访问成功 200
2026-08-08 16:04:15,830 - [Keeper] - INFO - 面板访问成功 200
2026-08-08 16:04:20,839 - [Keeper] - INFO - 面板访问成功 200
2026-08-08 16:04:25,848 - [Keeper] - INFO - 面板访问成功 200
2026-08-08 16:04:30,859 - [Keeper] - INFO - 面板访问成功 200
2026-08-08 16:04:35,875 - [Keeper] - INFO - 面板访问成功 200
2026-08-08 16:04:40,884 - [Keeper] - INFO - 面板访问成功 200
2026-08-08 16:04:45,895 - [Keeper] - INFO - 面板访问成功 200
2026-08-08 16:04:50,907 - [Keeper] - INFO - 面板访问成功 200
2026-08-08 16:04:55,918 - [Keeper] - INFO - 面板访问成功 200
2026-08-08 16:05:00,922 - [Keeper] - INFO - 面板访问成功 200
2026-08-08 16:05:05,937 - [Keeper] - INFO - 面板访问成功 200
2026-08-08 16:05:10,957 - [Keeper] - INFO - 面板访问成功 200
2026-08-08 16:05:15,966 - [Keeper] - INFO - 面板访问成功 200
2026-08-08 16:05:20,976 - [Keeper] - INFO - 面板访问成功 200
2026-08-08 16:05:25,983 - [Keeper] - INFO - 面板访问成功 200
2026-08-08 16:05:30,994 - [Keeper] - INFO - 面板访问成功 200
2026-08-08 16:05:36,010 - [Keeper] - INFO - 面板访问成功 200
2026-08-09 21:27:34,717 - [Keeper] - INFO - Keeper v4.0 启动 - 守护 bot 和 五子棋服务
2026-08-09 21:27:34,717 - [Keeper] - INFO - 启动 bot...
2026-08-09 21:27:34,721 - [Keeper] - INFO - bot 已启动 PID=2219
2026-08-09 21:27:34,721 - [Keeper] - INFO - 启动五子棋服务...
2026-08-09 21:27:34,723 - [Keeper] - INFO - 五子棋服务 已启动 PID=2220
2026-08-09 21:28:04,726 - [Keeper] - INFO - 五子棋服务 (PID=2220) 已停止，重启...
2026-08-09 21:28:04,727 - [Keeper] - INFO - 启动五子棋服务...
2026-08-09 21:28:04,730 - [Keeper] - INFO - 五子棋服务 已启动 PID=2287
2026-08-09 21:40:37,457 - [Keeper] - INFO - Keeper v4.0 启动 - 守护 bot 和 五子棋服务
2026-08-09 21:40:37,457 - [Keeper] - INFO - 启动 bot...
2026-08-09 21:40:37,458 - [Keeper] - INFO - bot 已启动 PID=3149
2026-08-09 21:40:37,458 - [Keeper] - INFO - 启动五子棋服务...
2026-08-09 21:40:37,466 - [Keeper] - INFO - 五子棋服务 已启动 PID=3150
2026-08-09 21:42:37,507 - [Keeper] - INFO - bot (PID=3261) 已停止，重启...
2026-08-09 21:42:37,509 - [Keeper] - INFO - 启动 bot...
2026-08-09 21:42:37,514 - [Keeper] - INFO - bot 已启动 PID=3322
2026-08-09 21:42:59,648 - [Keeper] - INFO - Keeper v4.0 启动 - 守护 bot 和 五子棋服务
2026-08-09 21:42:59,648 - [Keeper] - INFO - 启动 bot...
2026-08-09 21:42:59,649 - [Keeper] - INFO - bot 已启动 PID=3364
2026-08-09 21:42:59,649 - [Keeper] - INFO - 启动五子棋服务...
2026-08-09 21:42:59,747 - [Keeper] - INFO - 五子棋服务 已启动 PID=3365
2026-08-10 08:47:26,294 - [Keeper] - INFO - Keeper v4.0 启动 - 守护 bot 和 五子棋服务
2026-08-10 08:47:26,295 - [Keeper] - INFO - 启动 bot...
2026-08-10 08:47:26,300 - [Keeper] - INFO - bot 已启动 PID=897
2026-08-10 08:47:26,300 - [Keeper] - INFO - 启动五子棋服务...
2026-08-10 08:47:26,305 - [Keeper] - INFO - 五子棋服务 已启动 PID=898
2026-08-10 08:47:26,307 - [Keeper] - INFO - 五子棋服务 (PID=898) 已停止，重启...
2026-08-10 08:47:26,307 - [Keeper] - INFO - 启动五子棋服务...
2026-08-10 08:47:26,312 - [Keeper] - INFO - 五子棋服务 已启动 PID=899
2026-08-10 10:10:51,114 - [Keeper] - INFO - 五子棋服务 (PID=899) 已停止，重启...
2026-08-10 10:10:51,208 - [Keeper] - INFO - 启动五子棋服务...
2026-08-10 10:10:51,345 - [Keeper] - INFO - 五子棋服务 已启动 PID=12740
2026-08-10 10:28:51,705 - [Keeper] - INFO - 五子棋服务 (PID=12740) 已停止，重启...
2026-08-10 10:28:51,764 - [Keeper] - INFO - 启动五子棋服务...
2026-08-10 10:28:51,950 - [Keeper] - INFO - 五子棋服务 已启动 PID=14129
2026-08-10 10:29:21,956 - [Keeper] - INFO - 五子棋服务 (PID=14129) 已停止，重启...
2026-08-10 10:29:21,957 - [Keeper] - INFO - 启动五子棋服务...
2026-08-10 10:29:21,959 - [Keeper] - INFO - 五子棋服务 已启动 PID=14271
2026-08-10 10:29:51,965 - [Keeper] - INFO - 五子棋服务 (PID=14271) 已停止，重启...
2026-08-10 10:29:51,966 - [Keeper] - INFO - 启动五子棋服务...
2026-08-10 10:29:51,972 - [Keeper] - INFO - 五子棋服务 已启动 PID=14333
2026-08-10 10:35:21,995 - [Keeper] - INFO - 五子棋服务 (PID=14356) 已停止，重启...
2026-08-10 10:35:21,997 - [Keeper] - INFO - 启动五子棋服务...
2026-08-10 10:35:22,004 - [Keeper] - INFO - 五子棋服务 已启动 PID=14761
2026-08-10 10:52:52,448 - [Keeper] - INFO - 五子棋服务 (PID=14761) 已停止，重启...
2026-08-10 10:52:52,487 - [Keeper] - INFO - 启动五子棋服务...
2026-08-10 10:52:52,541 - [Keeper] - INFO - 五子棋服务 已启动 PID=16681
2026-08-10 11:02:24,450 - [Keeper] - INFO - 五子棋服务 (PID=16681) 已停止，重启...
2026-08-10 11:02:29,346 - [Keeper] - INFO - 启动五子棋服务...
2026-08-10 11:02:33,653 - [Keeper] - INFO - 五子棋服务 已启动 PID=18224
2026-08-10 11:15:24,161 - [Keeper] - INFO - Keeper v4.0 启动 - 守护 bot 和 五子棋服务
2026-08-10 11:15:24,164 - [Keeper] - INFO - 启动 bot...
2026-08-10 11:15:24,166 - [Keeper] - INFO - bot 已启动 PID=19474
2026-08-10 11:15:24,167 - [Keeper] - INFO - 启动五子棋服务...
2026-08-10 11:15:24,273 - [Keeper] - INFO - 五子棋服务 已启动 PID=19475
2026-08-10 11:17:54,534 - [Keeper] - INFO - Keeper v4.0 启动 - 守护 bot 和 五子棋服务
2026-08-10 15:30:06,967 - [Keeper] - INFO - Keeper v4.0 启动 - 守护 bot 和 五子棋服务
