2026-08-11 07:33:40 - [Adapter] - WARNING - [QQOfficial.gateway] - WebSocket 连接关闭: 1006
2026-08-11 07:33:40 - [Adapter] - INFO - [QQOfficial.auth] - Token 有效期 7200s
2026-08-11 07:33:40 - [Adapter] - INFO - [QQOfficial.bot] - Gateway 接入点获取成功: wss://api.sgroup.qq.com/websocket
2026-08-11 07:33:40 - [Adapter] - INFO - [QQOfficial.gateway] - WebSocket 连接成功
2026-08-11 07:33:40 - [Adapter] - INFO - [QQOfficial.gateway] - 心跳间隔: 41.25s
2026-08-11 07:48:23 - [Core] - INFO - [Pipeline] - [群聊消息] 收到群聊消息 | 用户ID: 54496A8870BF4288635BAD352B701EB8 | 消息类型: 群聊 | 消息: 在吗 | 群组ID: 005A198FF879943E397E0CF8E75775B2
2026-08-11 07:48:24 - [Adapter] - INFO - [Send] [qq_official-test] - [消息发送] 成功发送群聊消息[qq_official:test:7811] | 目标: 005A198FF879943E397E0CF8E75775B2 | 内容预览: 在呢在呢～ 随时在线为你服务！
2026-08-11 07:48:24 - [Core] - INFO - [Pipeline] - [自动回复] 关键词 '在吗' → 已回复用户 54496A8870BF4288635BAD352B701EB8
2026-08-11 08:03:40 - [Adapter] - ERROR - [QQOfficial.gateway] - 连接异常: 收到重连指令
2026-08-11 08:03:42 - [Adapter] - INFO - [QQOfficial.bot] - Gateway 接入点获取成功: wss://api.sgroup.qq.com/websocket
2026-08-11 08:03:42 - [Adapter] - INFO - [QQOfficial.gateway] - WebSocket 连接成功
2026-08-11 08:03:42 - [Adapter] - INFO - [QQOfficial.gateway] - 心跳间隔: 41.25s
2026-08-11 08:33:42 - [Adapter] - ERROR - [QQOfficial.gateway] - 连接异常: 收到重连指令
2026-08-11 08:33:44 - [Adapter] - INFO - [QQOfficial.bot] - Gateway 接入点获取成功: wss://api.sgroup.qq.com/websocket
2026-08-11 08:33:44 - [Adapter] - INFO - [QQOfficial.gateway] - WebSocket 连接成功
2026-08-11 08:33:44 - [Adapter] - INFO - [QQOfficial.gateway] - 心跳间隔: 41.25s
2026-08-11 09:03:44 - [Adapter] - ERROR - [QQOfficial.gateway] - 连接异常: 收到重连指令
2026-08-11 09:03:49 - [Adapter] - INFO - [QQOfficial.bot] - Gateway 接入点获取成功: wss://api.sgroup.qq.com/websocket
2026-08-11 09:03:49 - [Adapter] - INFO - [QQOfficial.gateway] - WebSocket 连接成功
2026-08-11 09:03:49 - [Adapter] - INFO - [QQOfficial.gateway] - 心跳间隔: 41.25s
2026-08-11 09:33:49 - [Adapter] - ERROR - [QQOfficial.gateway] - 连接异常: 收到重连指令
2026-08-11 09:33:57 - [Adapter] - INFO - [QQOfficial.auth] - Token 有效期 7197s
2026-08-11 09:33:57 - [Adapter] - INFO - [QQOfficial.bot] - Gateway 接入点获取成功: wss://api.sgroup.qq.com/websocket
2026-08-11 09:33:58 - [Adapter] - INFO - [QQOfficial.gateway] - WebSocket 连接成功
2026-08-11 09:33:58 - [Adapter] - INFO - [QQOfficial.gateway] - 心跳间隔: 41.25s
2026-08-11 10:03:57 - [Adapter] - ERROR - [QQOfficial.gateway] - 连接异常: 收到重连指令
2026-08-11 10:04:14 - [Adapter] - INFO - [QQOfficial.bot] - Gateway 接入点获取成功: wss://api.sgroup.qq.com/websocket
2026-08-11 10:04:14 - [Adapter] - INFO - [QQOfficial.gateway] - WebSocket 连接成功
2026-08-11 10:04:14 - [Adapter] - INFO - [QQOfficial.gateway] - 心跳间隔: 41.25s
2026-08-11 10:34:14 - [Adapter] - ERROR - [QQOfficial.gateway] - 连接异常: 收到重连指令
2026-08-11 10:34:46 - [Adapter] - INFO - [QQOfficial.bot] - Gateway 接入点获取成功: wss://api.sgroup.qq.com/websocket
2026-08-11 10:34:47 - [Adapter] - INFO - [QQOfficial.gateway] - WebSocket 连接成功
2026-08-11 10:34:47 - [Adapter] - INFO - [QQOfficial.gateway] - 心跳间隔: 41.25s
2026-08-11 10:41:25 - [Adapter] - WARNING - [QQOfficial.gateway] - WebSocket 连接关闭: 1006
2026-08-11 10:41:25 - [Adapter] - INFO - [QQOfficial.bot] - Gateway 接入点获取成功: wss://api.sgroup.qq.com/websocket
2026-08-11 10:41:25 - [Adapter] - INFO - [QQOfficial.gateway] - WebSocket 连接成功
2026-08-11 10:41:25 - [Adapter] - INFO - [QQOfficial.gateway] - 心跳间隔: 41.25s
2026-08-11 11:22:15 - [Adapter] - ERROR - [QQOfficial.gateway] - 连接异常: 收到重连指令
2026-08-11 11:22:17 - [Adapter] - INFO - [QQOfficial.bot] - Gateway 接入点获取成功: wss://api.sgroup.qq.com/websocket
2026-08-11 11:22:17 - [Adapter] - INFO - [QQOfficial.gateway] - WebSocket 连接成功
2026-08-11 11:22:17 - [Adapter] - INFO - [QQOfficial.gateway] - 心跳间隔: 41.25s
2026-08-11 11:52:17 - [Adapter] - ERROR - [QQOfficial.gateway] - 连接异常: 收到重连指令
2026-08-11 11:52:19 - [Adapter] - INFO - [QQOfficial.auth] - Token 有效期 7200s
2026-08-11 11:52:20 - [Adapter] - INFO - [QQOfficial.bot] - Gateway 接入点获取成功: wss://api.sgroup.qq.com/websocket
2026-08-11 11:52:20 - [Adapter] - INFO - [QQOfficial.gateway] - WebSocket 连接成功
2026-08-11 11:52:20 - [Adapter] - INFO - [QQOfficial.gateway] - 心跳间隔: 41.25s
2026-08-11 12:22:20 - [Adapter] - ERROR - [QQOfficial.gateway] - 连接异常: 收到重连指令
2026-08-11 12:22:24 - [Adapter] - INFO - [QQOfficial.bot] - Gateway 接入点获取成功: wss://api.sgroup.qq.com/websocket
2026-08-11 12:22:25 - [Adapter] - INFO - [QQOfficial.gateway] - WebSocket 连接成功
2026-08-11 12:22:25 - [Adapter] - INFO - [QQOfficial.gateway] - 心跳间隔: 41.25s
2026-08-11 12:52:24 - [Adapter] - ERROR - [QQOfficial.gateway] - 连接异常: 收到重连指令
2026-08-11 12:52:33 - [Adapter] - INFO - [QQOfficial.bot] - Gateway 接入点获取成功: wss://api.sgroup.qq.com/websocket
2026-08-11 12:52:34 - [Adapter] - INFO - [QQOfficial.gateway] - WebSocket 连接成功
2026-08-11 12:52:34 - [Adapter] - INFO - [QQOfficial.gateway] - 心跳间隔: 41.25s
2026-08-11 13:22:34 - [Adapter] - ERROR - [QQOfficial.gateway] - 连接异常: 收到重连指令
2026-08-11 13:22:50 - [Adapter] - INFO - [QQOfficial.bot] - Gateway 接入点获取成功: wss://api.sgroup.qq.com/websocket
2026-08-11 13:22:51 - [Adapter] - INFO - [QQOfficial.gateway] - WebSocket 连接成功
2026-08-11 13:22:51 - [Adapter] - INFO - [QQOfficial.gateway] - 心跳间隔: 41.25s
2026-08-11 14:15:14 - [Adapter] - WARNING - [QQOfficial.gateway] - WebSocket 连接关闭: 1006
2026-08-11 14:15:14 - [Adapter] - INFO - [QQOfficial.auth] - Token 有效期 5816s
2026-08-11 14:15:15 - [Adapter] - INFO - [QQOfficial.bot] - Gateway 接入点获取成功: wss://api.sgroup.qq.com/websocket
2026-08-11 14:15:15 - [Adapter] - INFO - [QQOfficial.gateway] - WebSocket 连接成功
2026-08-11 14:15:15 - [Adapter] - INFO - [QQOfficial.gateway] - 心跳间隔: 41.25s
2026-08-11 14:45:15 - [Adapter] - ERROR - [QQOfficial.gateway] - 连接异常: 收到重连指令
2026-08-11 14:45:17 - [Adapter] - INFO - [QQOfficial.bot] - Gateway 接入点获取成功: wss://api.sgroup.qq.com/websocket
2026-08-11 14:45:18 - [Adapter] - INFO - [QQOfficial.gateway] - WebSocket 连接成功
2026-08-11 14:45:18 - [Adapter] - INFO - [QQOfficial.gateway] - 心跳间隔: 41.25s
2026-08-11 15:15:18 - [Adapter] - ERROR - [QQOfficial.gateway] - 连接异常: 收到重连指令
2026-08-11 15:15:20 - [Adapter] - INFO - [QQOfficial.bot] - Gateway 接入点获取成功: wss://api.sgroup.qq.com/websocket
2026-08-11 15:15:21 - [Adapter] - INFO - [QQOfficial.gateway] - WebSocket 连接成功
2026-08-11 15:15:21 - [Adapter] - INFO - [QQOfficial.gateway] - 心跳间隔: 41.25s
2026-08-11 15:45:21 - [Adapter] - ERROR - [QQOfficial.gateway] - 连接异常: 收到重连指令
2026-08-11 15:45:26 - [Adapter] - INFO - [QQOfficial.bot] - Gateway 接入点获取成功: wss://api.sgroup.qq.com/websocket
2026-08-11 15:45:26 - [Adapter] - INFO - [QQOfficial.gateway] - WebSocket 连接成功
2026-08-11 15:45:26 - [Adapter] - INFO - [QQOfficial.gateway] - 心跳间隔: 41.25s
2026-08-11 16:15:26 - [Adapter] - ERROR - [QQOfficial.gateway] - 连接异常: 收到重连指令
2026-08-11 16:15:35 - [Adapter] - INFO - [QQOfficial.auth] - Token 有效期 6794s
2026-08-11 16:15:35 - [Adapter] - INFO - [QQOfficial.bot] - Gateway 接入点获取成功: wss://api.sgroup.qq.com/websocket
2026-08-11 16:15:35 - [Adapter] - INFO - [QQOfficial.gateway] - WebSocket 连接成功
2026-08-11 16:15:35 - [Adapter] - INFO - [QQOfficial.gateway] - 心跳间隔: 41.25s
2026-08-11 16:45:35 - [Adapter] - ERROR - [QQOfficial.gateway] - 连接异常: 收到重连指令
2026-08-11 16:45:52 - [Adapter] - INFO - [QQOfficial.bot] - Gateway 接入点获取成功: wss://api.sgroup.qq.com/websocket
2026-08-11 16:45:52 - [Adapter] - INFO - [QQOfficial.gateway] - WebSocket 连接成功
2026-08-11 16:45:52 - [Adapter] - INFO - [QQOfficial.gateway] - 心跳间隔: 41.25s
2026-08-11 17:15:52 - [Adapter] - ERROR - [QQOfficial.gateway] - 连接异常: 收到重连指令
2026-08-11 17:16:25 - [Adapter] - INFO - [QQOfficial.bot] - Gateway 接入点获取成功: wss://api.sgroup.qq.com/websocket
2026-08-11 17:16:26 - [Adapter] - INFO - [QQOfficial.gateway] - WebSocket 连接成功
2026-08-11 17:16:26 - [Adapter] - INFO - [QQOfficial.gateway] - 心跳间隔: 41.25s
2026-08-11 17:46:26 - [Adapter] - ERROR - [QQOfficial.gateway] - 连接异常: 收到重连指令
2026-08-11 17:47:27 - [Adapter] - INFO - [QQOfficial.bot] - Gateway 接入点获取成功: wss://api.sgroup.qq.com/websocket
2026-08-11 17:47:27 - [Adapter] - INFO - [QQOfficial.gateway] - WebSocket 连接成功
2026-08-11 17:47:27 - [Adapter] - INFO - [QQOfficial.gateway] - 心跳间隔: 41.25s
2026-08-11 18:07:57 - [Adapter] - WARNING - [QQOfficial.gateway] - WebSocket 连接关闭: 1006
2026-08-11 18:07:58 - [Adapter] - INFO - [QQOfficial.auth] - Token 有效期 6332s
2026-08-11 18:07:58 - [Adapter] - INFO - [QQOfficial.bot] - Gateway 接入点获取成功: wss://api.sgroup.qq.com/websocket
2026-08-11 18:07:59 - [Adapter] - INFO - [QQOfficial.gateway] - WebSocket 连接成功
2026-08-11 18:07:59 - [Adapter] - INFO - [QQOfficial.gateway] - 心跳间隔: 41.25s
