[2026-08-11 17:26:24] 总保活脚本 V2 启动 PID=20675
[2026-08-11 17:26:24] 重启 port_keepalive.sh...
[2026-08-11 17:26:24] port_keepalive.sh 重启成功
[2026-08-11 17:26:24] 重启 thread_keepalive.sh...
[2026-08-11 17:26:25] thread_keepalive.sh 重启成功
[2026-08-11 17:26:25] 重启 env_keepalive.sh...
[2026-08-11 17:26:25] env_keepalive.sh 重启成功
[2026-08-11 17:26:25] 重启 service_keepalive.sh...
[2026-08-11 17:26:26] service_keepalive.sh 重启成功
[2026-08-11 17:26:26] === 健康检查 ===
[2026-08-11 17:26:27] 保活脚本总数：24
[2026-08-11 17:26:27] 运行中：23
[2026-08-11 17:26:27] 存活率：95%
[2026-08-11 17:26:27] === 检查完成 ===
[2026-08-11 17:26:32] 重启 comprehensive_keepalive_v2.sh...
[2026-08-11 17:26:32] comprehensive_keepalive_v2.sh 重启失败
[2026-08-11 17:26:33] === 健康检查 ===
[2026-08-11 17:26:33] 保活脚本总数：24
[2026-08-11 17:26:33] 运行中：22
[2026-08-11 17:26:33] 存活率：91%
[2026-08-11 17:26:33] === 检查完成 ===
[2026-08-11 17:26:38] 重启 comprehensive_keepalive_v2.sh...
[2026-08-11 17:26:38] comprehensive_keepalive_v2.sh 重启失败
[2026-08-11 17:26:39] === 健康检查 ===
[2026-08-11 17:26:39] 保活脚本总数：24
[2026-08-11 17:26:39] 运行中：22
[2026-08-11 17:26:39] 存活率：91%
[2026-08-11 17:26:39] === 检查完成 ===
[2026-08-11 17:26:45] 重启 comprehensive_keepalive_v2.sh...
[2026-08-11 17:26:45] comprehensive_keepalive_v2.sh 重启失败
[2026-08-11 17:26:45] === 健康检查 ===
[2026-08-11 17:26:46] 保活脚本总数：24
[2026-08-11 17:26:46] 运行中：22
[2026-08-11 17:26:46] 存活率：91%
[2026-08-11 17:26:46] === 检查完成 ===
[2026-08-11 17:26:51] 重启 comprehensive_keepalive_v2.sh...
[2026-08-11 17:26:51] comprehensive_keepalive_v2.sh 重启失败
[2026-08-11 17:26:52] === 健康检查 ===
[2026-08-11 17:26:52] 保活脚本总数：24
[2026-08-11 17:26:52] 运行中：22
[2026-08-11 17:26:52] 存活率：91%
[2026-08-11 17:26:52] === 检查完成 ===
[2026-08-11 17:26:57] 重启 comprehensive_keepalive_v2.sh...
[2026-08-11 17:26:58] comprehensive_keepalive_v2.sh 重启失败
[2026-08-11 17:26:58] === 健康检查 ===
[2026-08-11 17:26:58] 保活脚本总数：24
[2026-08-11 17:26:58] 运行中：22
[2026-08-11 17:26:58] 存活率：91%
[2026-08-11 17:26:58] === 检查完成 ===
