[2026-08-11 18:25:49] 超级总保活脚本启动 PID=17383
[2026-08-11 18:25:49] 重启 ultra_network_keepalive.sh...
[2026-08-11 18:25:49] ultra_network_keepalive.sh 重启成功
[2026-08-11 18:25:49] 重启 ultra_cpu_keepalive.sh...
[2026-08-11 18:25:50] ultra_cpu_keepalive.sh 重启成功
[2026-08-11 18:25:50] 重启 cross_monitor_keepalive.sh...
[2026-08-11 18:25:50] cross_monitor_keepalive.sh 重启成功
[2026-08-11 18:25:50] 重启 multi_backup_keepalive.sh...
[2026-08-11 18:25:50] multi_backup_keepalive.sh 重启成功
[2026-08-11 18:25:50] 重启 system_keepalive.sh...
[2026-08-11 18:25:51] system_keepalive.sh 重启成功
[2026-08-11 18:25:51] 重启 network_stack_keepalive.sh...
[2026-08-11 18:25:51] network_stack_keepalive.sh 重启成功
[2026-08-11 18:25:51] 重启 file_lock_keepalive.sh...
[2026-08-11 18:25:52] file_lock_keepalive.sh 重启成功
[2026-08-11 18:25:52] 重启 semaphore_keepalive.sh...
[2026-08-11 18:25:52] semaphore_keepalive.sh 重启成功
[2026-08-11 18:25:52] 重启 pipe_keepalive.sh...
[2026-08-11 18:25:52] pipe_keepalive.sh 重启成功
[2026-08-11 18:25:53] 重启 shared_mem_keepalive.sh...
[2026-08-11 18:25:53] shared_mem_keepalive.sh 重启成功
[2026-08-11 18:25:53] 重启 process_group_keepalive.sh...
[2026-08-11 18:25:53] process_group_keepalive.sh 重启成功
[2026-08-11 18:25:53] 重启 timer_keepalive_v2.sh...
[2026-08-11 18:25:54] timer_keepalive_v2.sh 重启成功
[2026-08-11 18:25:54] 重启 event_keepalive.sh...
[2026-08-11 18:25:54] event_keepalive.sh 重启成功
[2026-08-11 18:25:54] 重启 queue_keepalive.sh...
[2026-08-11 18:25:54] queue_keepalive.sh 重启成功
[2026-08-11 18:25:54] 重启 thread_pool_keepalive.sh...
[2026-08-11 18:25:55] thread_pool_keepalive.sh 重启成功
[2026-08-11 18:25:55] 重启 async_io_keepalive.sh...
[2026-08-11 18:25:55] async_io_keepalive.sh 重启成功
[2026-08-11 18:25:55] 重启 network_dns_keepalive.sh...
[2026-08-11 18:25:55] network_dns_keepalive.sh 重启成功
[2026-08-11 18:25:55] 重启 network_http_keepalive.sh...
[2026-08-11 18:25:56] network_http_keepalive.sh 重启成功
[2026-08-11 18:25:56] 轮转日志：/root/loyanbot/storage/logs/keeper_external.log
[2026-08-11 18:25:57] === 健康检查 ===
[2026-08-11 18:25:57] 保活脚本总数：37
[2026-08-11 18:25:57] 运行中：37
[2026-08-11 18:25:57] 存活率：100%
[2026-08-11 18:25:57] === 检查完成 ===
[2026-08-11 18:26:01] 超级总保活脚本启动 PID=19780
[2026-08-11 18:26:03] === 健康检查 ===
[2026-08-11 18:26:03] 保活脚本总数：37
[2026-08-11 18:26:03] 运行中：37
[2026-08-11 18:26:03] 存活率：100%
[2026-08-11 18:26:03] === 检查完成 ===
[2026-08-11 18:26:05] === 健康检查 ===
[2026-08-11 18:26:05] 保活脚本总数：37
[2026-08-11 18:26:05] 运行中：37
[2026-08-11 18:26:05] 存活率：100%
[2026-08-11 18:26:05] === 检查完成 ===
[2026-08-11 18:26:11] === 健康检查 ===
[2026-08-11 18:26:11] 保活脚本总数：37
[2026-08-11 18:26:11] 运行中：37
[2026-08-11 18:26:11] 存活率：100%
[2026-08-11 18:26:11] === 检查完成 ===
[2026-08-11 18:26:13] === 健康检查 ===
[2026-08-11 18:26:13] 保活脚本总数：37
[2026-08-11 18:26:13] 运行中：37
[2026-08-11 18:26:13] 存活率：100%
[2026-08-11 18:26:13] === 检查完成 ===
[2026-08-11 18:26:15] === 健康检查 ===
[2026-08-11 18:26:15] 保活脚本总数：37
[2026-08-11 18:26:15] 运行中：37
[2026-08-11 18:26:15] 存活率：100%
[2026-08-11 18:26:15] === 检查完成 ===
[2026-08-11 18:26:18] === 健康检查 ===
[2026-08-11 18:26:18] 保活脚本总数：37
[2026-08-11 18:26:18] 运行中：37
[2026-08-11 18:26:18] 存活率：100%
[2026-08-11 18:26:18] === 检查完成 ===
[2026-08-11 18:26:20] === 健康检查 ===
[2026-08-11 18:26:20] 保活脚本总数：37
[2026-08-11 18:26:20] 运行中：37
[2026-08-11 18:26:20] 存活率：100%
[2026-08-11 18:26:20] === 检查完成 ===
[2026-08-11 18:26:24] === 健康检查 ===
[2026-08-11 18:26:24] 保活脚本总数：37
[2026-08-11 18:26:24] 运行中：37
[2026-08-11 18:26:24] 存活率：100%
[2026-08-11 18:26:24] === 检查完成 ===
[2026-08-11 18:26:25] === 健康检查 ===
[2026-08-11 18:26:25] 保活脚本总数：37
[2026-08-11 18:26:25] 运行中：37
[2026-08-11 18:26:25] 存活率：100%
[2026-08-11 18:26:25] === 检查完成 ===
[2026-08-11 18:26:30] === 健康检查 ===
[2026-08-11 18:26:30] 保活脚本总数：37
[2026-08-11 18:26:30] 运行中：37
[2026-08-11 18:26:30] 存活率：100%
[2026-08-11 18:26:30] === 检查完成 ===
[2026-08-11 18:26:30] === 健康检查 ===
[2026-08-11 18:26:30] 保活脚本总数：37
[2026-08-11 18:26:30] 运行中：37
[2026-08-11 18:26:30] 存活率：100%
[2026-08-11 18:26:30] === 检查完成 ===
[2026-08-11 18:26:36] === 健康检查 ===
[2026-08-11 18:26:36] 保活脚本总数：37
[2026-08-11 18:26:36] 运行中：37
[2026-08-11 18:26:36] 存活率：100%
[2026-08-11 18:26:36] === 检查完成 ===
[2026-08-11 18:26:37] === 健康检查 ===
[2026-08-11 18:26:37] 保活脚本总数：37
[2026-08-11 18:26:37] 运行中：37
[2026-08-11 18:26:37] 存活率：100%
[2026-08-11 18:26:37] === 检查完成 ===
[2026-08-11 18:26:40] === 健康检查 ===
[2026-08-11 18:26:40] 保活脚本总数：37
[2026-08-11 18:26:40] 运行中：37
[2026-08-11 18:26:40] 存活率：100%
[2026-08-11 18:26:40] === 检查完成 ===
[2026-08-11 18:26:41] === 健康检查 ===
[2026-08-11 18:26:41] 保活脚本总数：37
[2026-08-11 18:26:41] 运行中：37
[2026-08-11 18:26:41] 存活率：100%
[2026-08-11 18:26:41] === 检查完成 ===
[2026-08-11 18:26:45] === 健康检查 ===
[2026-08-11 18:26:45] 保活脚本总数：37
[2026-08-11 18:26:45] 运行中：37
[2026-08-11 18:26:45] 存活率：100%
[2026-08-11 18:26:45] === 检查完成 ===
[2026-08-11 18:26:47] === 健康检查 ===
[2026-08-11 18:26:47] 保活脚本总数：37
[2026-08-11 18:26:47] 运行中：37
[2026-08-11 18:26:47] 存活率：100%
[2026-08-11 18:26:47] === 检查完成 ===
[2026-08-11 18:26:50] === 健康检查 ===
[2026-08-11 18:26:50] 保活脚本总数：37
[2026-08-11 18:26:51] 运行中：37
[2026-08-11 18:26:51] 存活率：100%
[2026-08-11 18:26:51] === 检查完成 ===
[2026-08-11 18:26:52] === 健康检查 ===
[2026-08-11 18:26:52] 保活脚本总数：37
[2026-08-11 18:26:52] 运行中：37
[2026-08-11 18:26:52] 存活率：100%
[2026-08-11 18:26:52] === 检查完成 ===
[2026-08-11 18:26:55] === 健康检查 ===
[2026-08-11 18:26:55] 保活脚本总数：37
[2026-08-11 18:26:55] 运行中：37
[2026-08-11 18:26:55] 存活率：100%
[2026-08-11 18:26:55] === 检查完成 ===
[2026-08-11 18:26:57] === 健康检查 ===
[2026-08-11 18:26:57] 保活脚本总数：37
[2026-08-11 18:26:57] 运行中：37
[2026-08-11 18:26:57] 存活率：100%
[2026-08-11 18:26:57] === 检查完成 ===
[2026-08-11 18:27:01] === 健康检查 ===
[2026-08-11 18:27:01] 保活脚本总数：37
[2026-08-11 18:27:01] 运行中：37
[2026-08-11 18:27:01] 存活率：100%
[2026-08-11 18:27:01] === 检查完成 ===
[2026-08-11 18:27:01] 超级总保活脚本启动 PID=2583
[2026-08-11 18:27:03] === 健康检查 ===
[2026-08-11 18:27:03] 保活脚本总数：37
[2026-08-11 18:27:03] 运行中：37
[2026-08-11 18:27:03] 存活率：100%
[2026-08-11 18:27:03] === 检查完成 ===
