Terminal Simulator v1.1 started at 2026-08-11 16:18:41
[16:18:41] 活动正常 | 内存:69.8% | 负载:0.91 1.38 1.08 | 进程:PID TTY          TIME CMD
    1 ?        00:00:04 firecracker-ini
    2 ?        00:00:00 kthreadd
    3 ?        00:00:00 pool_workqueue_release
    4 ?        00:00:00 kworker/R-rcu_g
    5 ?        00:00:00 kworker/R-rcu_p
    6 ?        00:00:00 kworker/R-slub_
    7 ?        00:00:00 kworker/R-netns
    9 ?        00:00:00 kworker/0:0H-events_highpri
   12 ?        00:00:00 kworker/R-mm_pe
   13 ?        00:00:00 rcu_tasks_kthread
   14 ?        00:00:00 rcu_tasks_trace_kthread
   15 ?        00:00:07 ksoftirqd/0
   16 ?        00:00:42 rcu_preempt
   17 ?        00:00:00 migration/0
   18 ?        00:00:00 cpuhp/0
   19 ?        00:00:00 cpuhp/1
   20 ?        00:00:00 migration/1
   21 ?        00:00:06 ksoftirqd/1
   22 ?        00:00:00 kworker/1:0-rcu_gp
   23 ?        00:00:00 kworker/1:0H-kblockd
   26 ?        00:00:00 kdevtmpfs
   27 ?        00:00:00 kworker/R-inet_
   28 ?        00:00:00 kauditd
   29 ?        00:00:00 khungtaskd
   30 ?        00:00:00 oom_reaper
   31 ?        00:00:00 kworker/R-write
   32 ?        00:00:32 kcompactd0
   33 ?        00:00:00 ksmd
   34 ?        00:00:04 kworker/1:1-events
   35 ?        00:00:00 khugepaged
   36 ?        00:00:00 kworker/R-kinte
   37 ?        00:00:00 kworker/R-kbloc
   38 ?        00:00:00 watchdogd
   39 ?        00:00:00 kworker/R-quota
   40 ?        00:00:00 kworker/R-rpcio
   41 ?        00:00:11 kworker/1:1H-kblockd
   42 ?        00:00:00 kworker/R-xprti
   58 ?        00:00:42 kswapd0
   71 ?        00:00:00 kworker/R-nfsio
   73 ?        00:00:00 kworker/R-xfsal
   74 ?        00:00:00 kworker/R-xfs_m
   76 ?        00:00:00 kworker/R-kthro
   78 ?        00:00:00 irq/24-ACPI:Ged
   79 ?        00:00:00 irq/25-ACPI:Ged
  144 ?        00:00:00 kworker/R-iscsi
  170 ?        00:00:00 kworker/R-mld
  171 ?        00:00:00 kworker/R-ipv6_
  174 ?        00:00:00 bpfilter_umh
  175 ?        00:00:00 kworker/R-kstrp
  433 ?        00:00:00 kworker/u5:0
  438 ?        00:00:05 jbd2/vda-8
  439 ?        00:00:00 kworker/R-ext4-
  448 ?        00:00:00 agent
  462 ?        00:12:10 agent
 3681 ?        00:00:00 python3
 4025 ?        00:00:46 python3
 5193 ?        00:00:00 kworker/u4:2-ext4-rsv-conversion
 7130 ?        00:01:26 opencode
11969 ?        00:00:00 kworker/0:0-events
13281 ?        00:00:00 kworker/0:2H-kblockd
15305 ?        00:00:00 cron
15703 ?        00:00:01 bash
16521 ?        00:07:03 python3
16883 ?        00:00:25 python3
16921 ?        00:00:00 sleep
18138 ?        00:00:14 node
20062 ?        00:13:57 python3
20807 ?        00:00:00 kworker/0:1-mm_percpu_wq
20851 ?        00:00:00 sleep
21502 ?        00:00:22 python3
22421 ?        00:00:00 sleep
23601 ?        00:00:00 sleep
23928 ?        00:00:09 kworker/0:2-events_freezable
24125 ?        00:00:00 sleep
24139 ?        00:00:00 sleep
24267 ?        00:00:00 python3
24384 ?        00:00:00 python3
24405 ?        00:00:00 python3
24406 ?        00:00:00 sleep
24408 ?        00:00:00 sh
24409 ?        00:00:00 ps
26275 ?        00:00:00 auto_keepalive.
27015 ?        00:00:03 master_keeper.s
27026 ?        00:05:02 python3
27094 ?        00:00:03 python3
27129 ?        00:02:32 python3
27158 ?        00:00:00 python3
28181 ?        00:00:03 kworker/u4:0-ext4-rsv-conversion
28237 ?        00:00:01 kworker/u4:1-ext4-rsv-conversion
29596 ?        00:00:00 cron_keepalive.
29598 ?        00:00:00 load_simulator.
29599 ?        00:00:00 network_keeper.
29600 ?        00:00:00 terminal_simula
29601 ?        00:00:00 file_activity.s
[16:19:41] 活动正常 | 内存:72.0% | 负载:0.43 1.15 1.02 | 进程:PID TTY          TIME CMD
    1 ?        00:00:04 firecracker-ini
    2 ?        00:00:00 kthreadd
    3 ?        00:00:00 pool_workqueue_release
    4 ?        00:00:00 kworker/R-rcu_g
    5 ?        00:00:00 kworker/R-rcu_p
    6 ?        00:00:00 kworker/R-slub_
    7 ?        00:00:00 kworker/R-netns
    9 ?        00:00:00 kworker/0:0H-events_highpri
   12 ?        00:00:00 kworker/R-mm_pe
   13 ?        00:00:00 rcu_tasks_kthread
   14 ?        00:00:00 rcu_tasks_trace_kthread
   15 ?        00:00:07 ksoftirqd/0
   16 ?        00:00:42 rcu_preempt
   17 ?        00:00:00 migration/0
   18 ?        00:00:00 cpuhp/0
   19 ?        00:00:00 cpuhp/1
   20 ?        00:00:00 migration/1
   21 ?        00:00:06 ksoftirqd/1
   22 ?        00:00:00 kworker/1:0-rcu_gp
   23 ?        00:00:00 kworker/1:0H-kblockd
   26 ?        00:00:00 kdevtmpfs
   27 ?        00:00:00 kworker/R-inet_
   28 ?        00:00:00 kauditd
   29 ?        00:00:00 khungtaskd
   30 ?        00:00:00 oom_reaper
   31 ?        00:00:00 kworker/R-write
   32 ?        00:00:32 kcompactd0
   33 ?        00:00:00 ksmd
   34 ?        00:00:04 kworker/1:1-pm
   35 ?        00:00:00 khugepaged
   36 ?        00:00:00 kworker/R-kinte
   37 ?        00:00:00 kworker/R-kbloc
   38 ?        00:00:00 watchdogd
   39 ?        00:00:00 kworker/R-quota
   40 ?        00:00:00 kworker/R-rpcio
   41 ?        00:00:11 kworker/1:1H-kblockd
   42 ?        00:00:00 kworker/R-xprti
   58 ?        00:00:42 kswapd0
   71 ?        00:00:00 kworker/R-nfsio
   73 ?        00:00:00 kworker/R-xfsal
   74 ?        00:00:00 kworker/R-xfs_m
   76 ?        00:00:00 kworker/R-kthro
   78 ?        00:00:00 irq/24-ACPI:Ged
   79 ?        00:00:00 irq/25-ACPI:Ged
  144 ?        00:00:00 kworker/R-iscsi
  170 ?        00:00:00 kworker/R-mld
  171 ?        00:00:00 kworker/R-ipv6_
  174 ?        00:00:00 bpfilter_umh
  175 ?        00:00:00 kworker/R-kstrp
  433 ?        00:00:00 kworker/u5:0
  438 ?        00:00:05 jbd2/vda-8
  439 ?        00:00:00 kworker/R-ext4-
  448 ?        00:00:00 agent
  462 ?        00:12:11 agent
 3681 ?        00:00:00 python3
 4025 ?        00:00:46 python3
 5193 ?        00:00:00 kworker/u4:2-ext4-rsv-conversion
 7130 ?        00:01:32 opencode
13281 ?        00:00:00 kworker/0:2H-kblockd
15305 ?        00:00:00 cron
15703 ?        00:00:01 bash
16521 ?        00:07:04 python3
16883 ?        00:00:25 python3
18138 ?        00:00:14 node
20062 ?        00:13:59 python3
20807 ?        00:00:00 kworker/0:1-events_power_efficient
21502 ?        00:00:22 python3
22421 ?        00:00:00 sleep
23601 ?        00:00:00 sleep
23928 ?        00:00:09 kworker/0:2-events
24384 ?        00:00:00 python3
24405 ?        00:00:00 python3
24914 ?        00:00:00 sleep
24969 ?        00:00:00 sleep
24991 ?        00:00:00 sleep
25013 ?        00:00:00 sleep
25019 ?        00:00:00 sleep
25072 ?        00:00:00 python3
25222 ?        00:00:00 sh
25223 ?        00:00:00 ps
26275 ?        00:00:00 auto_keepalive.
27015 ?        00:00:03 master_keeper.s
27026 ?        00:05:03 python3
27094 ?        00:00:03 python3
27129 ?        00:02:32 python3
27158 ?        00:00:00 python3
28181 ?        00:00:03 kworker/u4:0-ext4-rsv-conversion
28237 ?        00:00:01 kworker/u4:1-ext4-rsv-conversion
29596 ?        00:00:00 cron_keepalive.
29598 ?        00:00:00 load_simulator.
29599 ?        00:00:00 network_keeper.
29600 ?        00:00:00 terminal_simula
29601 ?        00:00:00 file_activity.s
[16:20:41] 活动正常 | 内存:66.9% | 负载:0.16 0.94 0.96 | 进程:PID TTY          TIME CMD
    1 ?        00:00:04 firecracker-ini
    2 ?        00:00:00 kthreadd
    3 ?        00:00:00 pool_workqueue_release
    4 ?        00:00:00 kworker/R-rcu_g
    5 ?        00:00:00 kworker/R-rcu_p
    6 ?        00:00:00 kworker/R-slub_
    7 ?        00:00:00 kworker/R-netns
    9 ?        00:00:00 kworker/0:0H-events_highpri
   12 ?        00:00:00 kworker/R-mm_pe
   13 ?        00:00:00 rcu_tasks_kthread
   14 ?        00:00:00 rcu_tasks_trace_kthread
   15 ?        00:00:07 ksoftirqd/0
   16 ?        00:00:42 rcu_preempt
   17 ?        00:00:00 migration/0
   18 ?        00:00:00 cpuhp/0
   19 ?        00:00:00 cpuhp/1
   20 ?        00:00:00 migration/1
   21 ?        00:00:06 ksoftirqd/1
   22 ?        00:00:00 kworker/1:0-rcu_gp
   23 ?        00:00:00 kworker/1:0H-kblockd
   26 ?        00:00:00 kdevtmpfs
   27 ?        00:00:00 kworker/R-inet_
   28 ?        00:00:00 kauditd
   29 ?        00:00:00 khungtaskd
   30 ?        00:00:00 oom_reaper
   31 ?        00:00:00 kworker/R-write
   32 ?        00:00:32 kcompactd0
   33 ?        00:00:00 ksmd
   34 ?        00:00:04 kworker/1:1-events
   35 ?        00:00:00 khugepaged
   36 ?        00:00:00 kworker/R-kinte
   37 ?        00:00:00 kworker/R-kbloc
   38 ?        00:00:00 watchdogd
   39 ?        00:00:00 kworker/R-quota
   40 ?        00:00:00 kworker/R-rpcio
   41 ?        00:00:11 kworker/1:1H-kblockd
   42 ?        00:00:00 kworker/R-xprti
   58 ?        00:00:42 kswapd0
   71 ?        00:00:00 kworker/R-nfsio
   73 ?        00:00:00 kworker/R-xfsal
   74 ?        00:00:00 kworker/R-xfs_m
   76 ?        00:00:00 kworker/R-kthro
   78 ?        00:00:00 irq/24-ACPI:Ged
   79 ?        00:00:00 irq/25-ACPI:Ged
  144 ?        00:00:00 kworker/R-iscsi
  170 ?        00:00:00 kworker/R-mld
  171 ?        00:00:00 kworker/R-ipv6_
  174 ?        00:00:00 bpfilter_umh
  175 ?        00:00:00 kworker/R-kstrp
  433 ?        00:00:00 kworker/u5:0
  438 ?        00:00:05 jbd2/vda-8
  439 ?        00:00:00 kworker/R-ext4-
  448 ?        00:00:00 agent
  462 ?        00:12:11 agent
 3681 ?        00:00:00 python3
 4025 ?        00:00:46 python3
 5193 ?        00:00:00 kworker/u4:2-ext4-rsv-conversion
 7130 ?        00:01:36 opencode
13281 ?        00:00:00 kworker/0:2H-kblockd
15305 ?        00:00:00 cron
15703 ?        00:00:01 bash
16521 ?        00:07:05 python3
16883 ?        00:00:25 python3
18138 ?        00:00:14 node
20062 ?        00:14:01 python3
20807 ?        00:00:00 kworker/0:1-events_power_efficient
21502 ?        00:00:22 python3
23928 ?        00:00:09 kworker/0:2-pm
24384 ?        00:00:01 python3
24405 ?        00:00:00 python3
24991 ?        00:00:00 sleep
25013 ?        00:00:00 sleep
25285 ?        00:00:00 sleep
25748 ?        00:00:00 sleep
25815 ?        00:00:00 sleep
25854 ?        00:00:00 python3
25876 ?        00:00:00 sleep
25935 ?        00:00:00 sleep
26017 ?        00:00:00 kworker/0:0
26059 ?        00:00:00 sh
26060 ?        00:00:00 ps
26275 ?        00:00:00 auto_keepalive.
27015 ?        00:00:03 master_keeper.s
27026 ?        00:05:05 python3
27094 ?        00:00:03 python3
27129 ?        00:02:33 python3
27158 ?        00:00:00 python3
28181 ?        00:00:03 kworker/u4:0-ext4-rsv-conversion
28237 ?        00:00:01 kworker/u4:1-ext4-rsv-conversion
29596 ?        00:00:00 cron_keepalive.
29598 ?        00:00:00 load_simulator.
29599 ?        00:00:00 network_keeper.
29600 ?        00:00:00 terminal_simula
29601 ?        00:00:00 file_activity.s
[16:21:41] 活动正常 | 内存:77.3% | 负载:0.10 0.78 0.90 | 进程:PID TTY          TIME CMD
    1 ?        00:00:04 firecracker-ini
    2 ?        00:00:00 kthreadd
    3 ?        00:00:00 pool_workqueue_release
    4 ?        00:00:00 kworker/R-rcu_g
    5 ?        00:00:00 kworker/R-rcu_p
    6 ?        00:00:00 kworker/R-slub_
    7 ?        00:00:00 kworker/R-netns
    9 ?        00:00:00 kworker/0:0H-events_highpri
   12 ?        00:00:00 kworker/R-mm_pe
   13 ?        00:00:00 rcu_tasks_kthread
   14 ?        00:00:00 rcu_tasks_trace_kthread
   15 ?        00:00:07 ksoftirqd/0
   16 ?        00:00:42 rcu_preempt
   17 ?        00:00:00 migration/0
   18 ?        00:00:00 cpuhp/0
   19 ?        00:00:00 cpuhp/1
   20 ?        00:00:00 migration/1
   21 ?        00:00:06 ksoftirqd/1
   22 ?        00:00:00 kworker/1:0-rcu_gp
   23 ?        00:00:00 kworker/1:0H-kblockd
   26 ?        00:00:00 kdevtmpfs
   27 ?        00:00:00 kworker/R-inet_
   28 ?        00:00:00 kauditd
   29 ?        00:00:00 khungtaskd
   30 ?        00:00:00 oom_reaper
   31 ?        00:00:00 kworker/R-write
   32 ?        00:00:32 kcompactd0
   33 ?        00:00:00 ksmd
   34 ?        00:00:04 kworker/1:1-mm_percpu_wq
   35 ?        00:00:00 khugepaged
   36 ?        00:00:00 kworker/R-kinte
   37 ?        00:00:00 kworker/R-kbloc
   38 ?        00:00:00 watchdogd
   39 ?        00:00:00 kworker/R-quota
   40 ?        00:00:00 kworker/R-rpcio
   41 ?        00:00:11 kworker/1:1H-kblockd
   42 ?        00:00:00 kworker/R-xprti
   58 ?        00:00:42 kswapd0
   71 ?        00:00:00 kworker/R-nfsio
   73 ?        00:00:00 kworker/R-xfsal
   74 ?        00:00:00 kworker/R-xfs_m
   76 ?        00:00:00 kworker/R-kthro
   78 ?        00:00:00 irq/24-ACPI:Ged
   79 ?        00:00:00 irq/25-ACPI:Ged
  144 ?        00:00:00 kworker/R-iscsi
  170 ?        00:00:00 kworker/R-mld
  171 ?        00:00:00 kworker/R-ipv6_
  174 ?        00:00:00 bpfilter_umh
  175 ?        00:00:00 kworker/R-kstrp
  433 ?        00:00:00 kworker/u5:0
  438 ?        00:00:05 jbd2/vda-8
  439 ?        00:00:00 kworker/R-ext4-
  448 ?        00:00:00 agent
  462 ?        00:12:12 agent
 3681 ?        00:00:00 python3
 4025 ?        00:00:46 python3
 5193 ?        00:00:00 kworker/u4:2-ext4-rsv-conversion
 7130 ?        00:01:38 opencode
13281 ?        00:00:00 kworker/0:2H-kblockd
15305 ?        00:00:00 cron
15703 ?        00:00:01 bash
16521 ?        00:07:06 python3
16883 ?        00:00:25 python3
18138 ?        00:00:14 node
20062 ?        00:14:03 python3
20807 ?        00:00:00 kworker/0:1-events_power_efficient
21502 ?        00:00:22 python3
23928 ?        00:00:09 kworker/0:2-pm
24384 ?        00:00:02 python3
24405 ?        00:00:00 python3
24991 ?        00:00:00 sleep
25013 ?        00:00:00 sleep
25285 ?        00:00:00 sleep
26017 ?        00:00:00 kworker/0:0
26275 ?        00:00:00 auto_keepalive.
26573 ?        00:00:00 sleep
26613 ?        00:00:00 sleep
26638 ?        00:00:00 python3
26655 ?        00:00:00 sleep
26731 ?        00:00:00 sleep
26894 ?        00:00:00 sh
26895 ?        00:00:00 ps
27015 ?        00:00:03 master_keeper.s
27026 ?        00:05:07 python3
27094 ?        00:00:03 python3
27129 ?        00:02:34 python3
27158 ?        00:00:00 python3
28181 ?        00:00:03 kworker/u4:0-ext4-rsv-conversion
28237 ?        00:00:01 kworker/u4:1-ext4-rsv-conversion
29596 ?        00:00:00 cron_keepalive.
29598 ?        00:00:00 load_simulator.
29599 ?        00:00:00 network_keeper.
29600 ?        00:00:00 terminal_simula
29601 ?        00:00:00 file_activity.s
