[2026-08-11 07:52:56] 写入请求已创建: 1786405976565623234
[2026-08-11 07:55:54] 写入请求已创建: 1786406154246481337
[2026-08-11 07:55:54] 写入请求已创建: 1786406154609086722
[2026-08-11 07:55:59] 写入请求已确认
[2026-08-11 07:56:22] 写入后锁定: /workspace/.monkeycode/MEMORY.md
[2026-08-11 07:56:22] 写入后锁定: /root/.codingmatrix/project-tpl/.ai-ready/MEMORY.md
[2026-08-11 07:56:22] 写入后锁定: /workspace/.opencode/rules/no-unauthorized-write.md
[2026-08-11 07:56:22] 写入后锁定: /root/.codingmatrix/project-tpl/.ai-ready/rules/no-unauthorized-write.md
[2026-08-11 07:56:22] 写入流程完成
[2026-08-11 07:56:28] 写入请求已创建: 1786406188013422787
[2026-08-11 07:56:28] 写入请求已确认
[2026-08-11 07:56:47] 写入后锁定: /workspace/.monkeycode/MEMORY.md
[2026-08-11 07:56:47] 写入后锁定: /root/.codingmatrix/project-tpl/.ai-ready/MEMORY.md
[2026-08-11 07:56:47] 写入后锁定: /workspace/.opencode/rules/no-unauthorized-write.md
[2026-08-11 07:56:47] 写入后锁定: /root/.codingmatrix/project-tpl/.ai-ready/rules/no-unauthorized-write.md
[2026-08-11 07:56:47] 写入流程完成
[2026-08-11 07:56:51] 写入请求已创建: 1786406211382662193
[2026-08-11 07:56:51] 写入请求已确认
[2026-08-11 07:57:03] 写入后锁定: /workspace/.monkeycode/MEMORY.md
[2026-08-11 07:57:03] 写入后锁定: /root/.codingmatrix/project-tpl/.ai-ready/MEMORY.md
[2026-08-11 07:57:03] 写入后锁定: /workspace/.opencode/rules/no-unauthorized-write.md
[2026-08-11 07:57:03] 写入后锁定: /root/.codingmatrix/project-tpl/.ai-ready/rules/no-unauthorized-write.md
[2026-08-11 07:57:03] 写入流程完成
